Listening to rt/lowstate on interface eth0, domain 0
Target joint: 2 (from controller.target_joint)
t_s,joint_id,q_rad,dq_rad_s,tau_est_nm,lowstate_age_s
3249.748145,2,0.283810,-0.000321,0.000000,0.000646
3249.848392,2,0.283794,-0.000660,-0.562500,0.000752
3249.948617,2,0.283810,-0.000147,0.000000,0.000872
3250.048865,2,0.283810,-0.000031,-0.093750,0.001331
3250.148993,2,0.283810,0.000088,-0.187500,0.001349
3250.249305,2,0.283794,-0.000618,0.281250,0.001435
3250.349428,2,0.283826,0.000475,0.000000,0.001777
3250.449570,2,0.283794,-0.000517,0.000000,0.001719
3250.549797,2,0.283794,-0.000539,-0.187500,0.000011
3250.650068,2,0.283794,-0.000460,0.093750,0.000404
3250.750340,2,0.283810,0.000117,0.093750,0.000715
3250.850458,2,0.283826,0.000262,-0.093750,0.000746
3250.950599,2,0.283810,0.000281,-0.281250,0.001101
3251.050737,2,0.283794,-0.000466,0.187500,0.000880
3251.150877,2,0.283810,0.000083,0.375000,0.001069
3251.251109,2,0.283810,0.000496,-0.562500,0.001563
3251.351288,2,0.283794,-0.000340,0.187500,0.001567
3251.451627,2,0.283826,0.000506,0.000000,0.001834
3251.551987,2,0.283794,-0.000561,0.000000,0.000048
3251.652280,2,0.283810,0.000058,-0.281250,0.000210
3251.752595,2,0.283826,0.000497,-0.281250,0.000460
3251.852940,2,0.283810,-0.000231,0.187500,0.001036
3251.953307,2,0.283826,0.000540,0.000000,0.001361
3252.053479,2,0.283810,-0.000040,0.187500,0.001428
3252.153775,2,0.283810,-0.000078,0.468750,0.001698
3252.254061,2,0.283794,-0.000385,0.187500,0.001971
3252.354278,2,0.283794,-0.000199,-0.093750,0.000423
3252.454482,2,0.283794,-0.000445,0.000000,0.000495
3252.554716,2,0.283826,0.000588,0.000000,0.000559
3252.655083,2,0.283810,0.000069,0.281250,0.001194
3252.755384,2,0.283810,0.000380,-0.093750,0.001415
3252.855587,2,0.283810,-0.000104,0.187500,0.001516
3252.955803,2,0.283826,0.000389,0.281250,0.001914
3253.056022,2,0.283826,0.000541,0.000000,0.000222
3253.156303,2,0.283810,-0.000050,0.375000,0.000534
3253.256492,2,0.283810,-0.000035,0.000000,0.000694
3253.356806,2,0.283810,-0.000092,0.468750,0.000996
3253.457150,2,0.283794,-0.000438,-0.093750,0.001285
3253.557501,2,0.283810,-0.000055,0.281250,0.001678
3253.657684,2,0.283810,0.000085,0.468750,0.001565
3253.757884,2,0.283794,-0.000405,0.000000,0.000251
3253.858138,2,0.283826,0.000108,0.375000,0.000409
3253.958339,2,0.283794,-0.000355,0.000000,0.000725
3254.058687,2,0.283810,0.000309,0.000000,0.000595
3254.158907,2,0.283794,-0.000159,-0.093750,0.001220
3254.259004,2,0.283810,-0.000209,0.000000,0.001263
3254.359271,2,0.281381,-0.071995,1.593750,0.001538
3254.459481,2,0.254760,-0.356884,4.031250,0.001500
3254.559649,2,0.209971,-0.456809,6.375000,0.002027
3254.659781,2,0.163073,-0.468281,5.906250,0.000050
3254.759983,2,0.116015,-0.477554,5.156250,0.000222
3254.860099,2,0.070970,-0.445706,5.062500,0.000337
3254.960241,2,0.028833,-0.399971,4.968750,0.000457
3255.060390,2,-0.012792,-0.444896,6.093750,0.000651
3255.160510,2,-0.060952,-0.497224,7.406250,0.000793
3255.260674,2,-0.112341,-0.528314,5.625000,0.001011
3255.360842,2,-0.165247,-0.521117,7.125000,0.001163
3255.461132,2,-0.217339,-0.497389,5.812500,0.001316
3255.561263,2,-0.268871,-0.517127,7.406250,0.001388
3255.661381,2,-0.288717,0.005013,-0.937500,0.001828
3255.761467,2,-0.288717,0.000430,-0.187500,0.001769
3255.861559,2,-0.288685,0.000282,0.187500,0.001971
3255.961691,2,-0.288685,-0.000303,0.375000,0.000014
3256.061830,2,-0.288669,0.000645,0.000000,0.000174
3256.161965,2,-0.288669,0.000445,0.000000,0.000384
3256.262077,2,-0.287550,0.041553,-0.562500,0.000334
3256.362275,2,-0.283236,0.062972,-0.937500,0.000492
3256.462446,2,-0.271363,0.158349,-1.968750,0.000602
3256.562607,2,-0.252141,0.195722,-3.187500,0.000798
3256.662851,2,-0.225951,0.298142,-3.656250,0.001117
3256.763019,2,-0.189647,0.405506,-5.156250,0.001514
3256.863152,2,-0.145609,0.444986,-6.281250,0.001425
3256.963346,2,-0.100005,0.464642,-3.937500,0.001631
3257.063481,2,-0.053474,0.485978,-6.375000,0.001754
3257.163616,2,-0.003093,0.500390,-6.656250,0.001949
3257.263755,2,0.046043,0.508984,-7.125000,0.001992
3257.363950,2,0.099381,0.554713,-8.531250,0.000112
3257.464164,2,0.147717,0.402000,-4.031250,0.000134
3257.564487,2,0.160085,-0.002705,0.562500,0.000528
3257.664689,2,0.159430,-0.003146,0.187500,0.000491
3257.764949,2,0.159110,-0.000990,0.000000,0.000663
3257.865235,2,0.163856,0.120426,-2.062500,0.001388
3257.965449,2,0.194264,0.425501,-5.343750,0.001748
3258.065664,2,0.246115,0.550014,-8.437500,0.001763
3258.165960,2,0.302489,0.555030,-6.937500,0.000107
3258.266264,2,0.356179,0.554924,-8.625000,0.000599
3258.366609,2,0.411290,0.555785,-7.968750,0.000661
3258.467003,2,0.465778,0.552768,-8.625000,0.000856
3258.567175,2,0.518509,0.521762,-7.031250,0.001416
3258.667341,2,0.569961,0.514505,-7.781250,0.001728
3258.767522,2,0.622516,0.536733,-7.875000,0.001735
3258.867701,2,0.675310,0.523445,-7.312500,0.001700
3258.967980,2,0.727530,0.508111,-7.031250,0.000062
3259.068156,2,0.777816,0.502398,-6.468750,0.000148
3259.168484,2,0.830259,0.542741,-7.218750,0.000397
3259.268650,2,0.883149,0.517008,-6.750000,0.000699
3259.368922,2,0.917695,0.238109,-2.250000,0.000995
3259.469271,2,0.923735,0.065142,-1.781250,0.001136
3259.569487,2,0.940449,0.219931,-4.031250,0.001568
3259.669627,2,0.964833,0.217467,-2.437500,0.000041
3259.769804,2,0.984535,0.209105,-1.781250,0.000125
3259.870007,2,1.006539,0.281212,-4.031250,0.000238
3259.970262,2,1.050305,0.513272,-7.875000,0.000363
3260.070474,2,1.106535,0.566829,-10.781250,0.000611
3260.170815,2,1.166089,0.585445,-9.281250,0.000916
3260.271040,2,1.219602,0.587949,-8.812500,0.001205
3260.371371,2,1.288264,0.647135,-14.531250,0.001294
3260.471570,2,1.350102,0.586641,-8.156250,0.001739
3260.571717,2,1.396649,0.401177,-5.062500,0.001885
3260.671872,2,1.437156,0.478725,-6.656250,0.000235
3260.771986,2,1.493402,0.575187,-9.187500,0.000105
3260.872210,2,1.550958,0.567087,-8.062500,0.000357
3260.972348,2,1.604935,0.538529,-9.375000,0.000591
3261.072476,2,1.663178,0.584055,-8.718750,0.000729
3261.172597,2,1.720015,0.565184,-8.062500,0.000964
3261.272730,2,1.776948,0.597395,-11.625000,0.000981
3261.372944,2,1.836071,0.576809,-9.562500,0.001116
3261.473194,2,1.893547,0.586040,-11.437500,0.001494
3261.573481,2,1.951439,0.565961,-7.500000,0.001674
3261.673736,2,2.006646,0.561416,-8.906250,0.001833
3261.773963,2,2.046082,0.002180,0.281250,0.002014
3261.874274,2,2.045219,-0.002226,-0.093750,0.000220
3261.974496,2,2.045075,-0.000984,0.000000,0.000426
3262.074845,2,2.043334,-0.069489,1.687500,0.000923
3262.175256,2,2.013549,-0.461929,5.250000,0.001103
3262.275501,2,1.966363,-0.460393,6.093750,0.001322
3262.375787,2,1.920168,-0.452613,3.937500,0.001662
3262.476111,2,1.876210,-0.453893,6.656250,0.000044
3262.576319,2,1.826451,-0.532929,7.968750,0.000344
3262.676588,2,1.767872,-0.609195,10.312500,0.000502
3262.776898,2,1.705091,-0.631338,13.312500,0.000820
3262.877314,2,1.642390,-0.634969,11.718750,0.001259
3262.977483,2,1.578905,-0.647720,14.625000,0.001464
3263.077654,2,1.512161,-0.689778,14.343750,0.001616
3263.177867,2,1.442844,-0.707588,19.031250,0.001950
3263.278121,2,1.371402,-0.716263,14.437500,0.000050
3263.378403,2,1.299513,-0.723271,21.562500,0.000068
3263.478624,2,1.225546,-0.736930,19.031250,0.000527
3263.578945,2,1.153401,-0.730766,18.187500,0.000958
3263.679137,2,1.080377,-0.722273,18.656250,0.001070
3263.779405,2,1.008600,-0.726812,18.187500,0.001361
3263.879791,2,0.935736,-0.740753,17.156250,0.001669
3263.980033,2,0.860810,-0.718320,15.562500,0.000207
3264.080276,2,0.788585,-0.739402,21.937500,0.000166
3264.180618,2,0.714091,-0.756671,21.750000,0.000701
3264.280843,2,0.638431,-0.747439,16.125000,0.000946
3264.380990,2,0.564464,-0.745135,18.375000,0.001261
3264.481154,2,0.490594,-0.746346,18.000000,0.001394
3264.581319,2,0.414614,-0.761629,16.875000,0.001590
3264.681485,2,0.341638,-0.729097,17.062500,0.001782
3264.781741,2,0.268502,-0.720301,17.437500,0.001969
3264.881889,2,0.198067,-0.700477,14.437500,0.000028
3264.982096,2,0.128334,-0.684896,13.875000,0.000050
3265.082254,2,0.060680,-0.677314,15.468750,0.000510
3265.182428,2,-0.004754,-0.662054,15.656250,0.000424
3265.282625,2,-0.071482,-0.673461,14.437500,0.000735
3265.382890,2,-0.135878,-0.645943,11.812500,0.000756
3265.483192,2,-0.197381,-0.622159,11.718750,0.001182
3265.583459,2,-0.255704,-0.579476,8.812500,0.001241
3265.683741,2,-0.288892,0.022518,-0.375000,0.001596
3265.784039,2,-0.288828,0.000438,0.281250,0.001887
3265.884350,2,-0.288812,0.000423,0.281250,0.000141
3265.984621,2,-0.288828,-0.000001,-0.281250,0.000417
3266.084813,2,-0.288812,0.000644,-0.281250,0.000792
3266.185156,2,-0.288812,0.000061,-0.093750,0.001019
3266.285379,2,-0.286703,0.023077,0.000000,0.001395
3266.385613,2,-0.286352,0.001802,0.375000,0.001438
3266.485875,2,-0.286160,0.002137,-0.093750,0.001672
3266.586143,2,-0.286000,-0.000083,-0.093750,0.000088
3266.686486,2,-0.285984,-0.000131,0.093750,0.000362
3266.786719,2,-0.285984,-0.000162,0.000000,0.000658
3266.886964,2,-0.285968,0.000346,0.187500,0.000793
3266.987262,2,-0.285984,-0.000042,0.000000,0.001224
3267.087424,2,-0.285968,0.000251,0.093750,0.001142
3267.187670,2,-0.285952,0.000405,0.562500,0.001494
3267.287864,2,-0.285904,0.000832,0.000000,0.001612
3267.388196,2,-0.285776,0.001746,0.000000,0.000148
3267.488474,2,-0.285681,0.000700,-0.281250,0.000182
3267.588705,2,-0.285617,0.001242,-0.187500,0.000552
3267.688884,2,-0.285633,-0.000441,0.000000,0.000874
3267.789125,2,-0.285601,0.000574,0.093750,0.001160
3267.889517,2,-0.285617,-0.000121,-0.187500,0.001312
3267.989770,2,-0.285617,0.000169,-0.187500,0.001599
3268.090005,2,-0.285617,-0.000002,-0.281250,0.001838
3268.190348,2,-0.285617,-0.000125,0.187500,0.000133
3268.290520,2,-0.285601,0.000185,-0.093750,0.000551
3268.390685,2,-0.285617,-0.000060,0.281250,0.000660
3268.490865,2,-0.285617,-0.000069,0.093750,0.000973
3268.591024,2,-0.285601,0.000401,0.000000,0.001019
3268.691212,2,-0.285617,-0.000046,0.468750,0.001319
3268.791381,2,-0.285617,-0.000119,-0.843750,0.001629
3268.891629,2,-0.285633,-0.000547,-0.187500,0.001702
3268.991827,2,-0.285617,-0.000170,-0.281250,0.001746
3269.092001,2,-0.285617,-0.000077,0.000000,0.001949
3269.192152,2,-0.285617,-0.000104,0.000000,0.000199
3269.292321,2,-0.285601,0.000228,-0.093750,0.000422
3269.392525,2,-0.285633,-0.000060,0.468750,0.000742
3269.492796,2,-0.285617,-0.000070,0.187500,0.000808
3269.593206,2,-0.285617,0.000017,-0.281250,0.001093
3269.693557,2,-0.285601,0.000400,0.468750,0.001610
3269.793808,2,-0.285617,-0.000070,0.375000,0.001678
3269.894166,2,-0.285617,-0.000123,-0.375000,0.002079
3269.994359,2,-0.285617,-0.000209,-0.093750,0.000281
3270.094621,2,-0.285617,-0.000189,0.375000,0.000708
3270.194824,2,-0.285617,-0.000198,-0.375000,0.000905
3270.295138,2,-0.285617,-0.000133,0.000000,0.001142
3270.395469,2,-0.285633,-0.000602,-0.281250,0.001175
3270.495700,2,-0.285617,-0.000173,0.187500,0.001707
3270.596004,2,-0.285601,0.000218,-0.843750,0.000021
3270.696398,2,-0.285617,-0.000048,-0.843750,0.000456
3270.796765,2,-0.285617,-0.000080,0.000000,0.000472
3270.897145,2,-0.285617,-0.000095,0.187500,0.000994
3270.997761,2,-0.285617,-0.000003,-0.093750,0.001342
3271.098076,2,-0.285617,-0.000112,0.281250,0.001813
3271.198370,2,-0.285617,0.000027,0.187500,0.000489
3271.298651,2,-0.285617,-0.000025,0.187500,0.000651
3271.398867,2,-0.285617,-0.000087,0.000000,0.000588
3271.499254,2,-0.285617,-0.000000,0.281250,0.000967
3271.599480,2,-0.285601,0.000098,-0.281250,0.001321
3271.699789,2,-0.285617,-0.000020,0.281250,0.001698
3271.799998,2,-0.285617,0.000169,-0.281250,0.001890
3271.900374,2,-0.285617,-0.000097,-0.187500,0.000091
3272.000618,2,-0.285617,-0.000087,-0.093750,0.000283
3272.100968,2,-0.285617,-0.000133,0.187500,0.000850
3272.201324,2,-0.285617,-0.000078,-0.281250,0.001012
3272.301662,2,-0.285617,-0.000112,-0.843750,0.001596
3272.401891,2,-0.285601,0.000400,-0.187500,0.001715
3272.502169,2,-0.285617,-0.000084,-0.843750,0.001809
3272.602446,2,-0.285617,-0.000079,-0.281250,0.000372
3272.702598,2,-0.285617,-0.000084,0.000000,0.000530
3272.802895,2,-0.285601,0.000190,0.281250,0.000853
3272.903114,2,-0.285585,0.000904,-0.281250,0.001383
3273.003238,2,-0.285617,-0.000113,-0.093750,0.001429
3273.103423,2,-0.285617,-0.000073,0.281250,0.001710
3273.203575,2,-0.285617,-0.000039,-0.187500,0.001433
3273.303870,2,-0.285617,0.000032,-0.375000,0.001873
3273.404104,2,-0.285617,0.000250,-0.281250,0.000040
3273.504449,2,-0.285617,-0.000065,-0.187500,0.000289
3273.604633,2,-0.285617,-0.000041,0.000000,0.000820
3273.704817,2,-0.285617,-0.000128,0.000000,0.000701
3273.805163,2,-0.285601,0.000424,-0.281250,0.001185
3273.905556,2,-0.285601,0.000340,0.000000,0.001171
3274.005761,2,-0.285617,-0.000131,0.000000,0.001580
3274.106039,2,-0.285617,-0.000081,0.468750,0.001834
3274.206403,2,-0.285617,-0.000058,0.187500,0.000332
3274.306658,2,-0.285617,-0.000116,-0.468750,0.000481
3274.406990,2,-0.285617,-0.000152,-0.562500,0.000995
3274.507396,2,-0.285617,-0.000113,-0.187500,0.001266
3274.607657,2,-0.285617,-0.000206,0.281250,0.001556
3274.707821,2,-0.285601,0.000419,0.468750,0.001942
3274.808057,2,-0.285617,0.000452,0.375000,0.000050
3274.908310,2,-0.285617,-0.000039,0.093750,0.000157
3275.008549,2,-0.285617,0.000106,0.187500,0.000452
3275.108812,2,-0.285617,-0.000002,0.375000,0.000809
3275.209142,2,-0.285617,0.000005,0.000000,0.000986
3275.309347,2,-0.285601,0.000220,-0.281250,0.001385
3275.409568,2,-0.285601,0.000337,-0.093750,0.001739
3275.509876,2,-0.285617,-0.000109,-0.093750,0.001637
3275.610114,2,-0.285617,-0.000098,-0.093750,0.000081
3275.710459,2,-0.285601,0.000542,0.187500,0.000532
3275.810833,2,-0.285617,0.000017,-0.281250,0.000569
3275.911138,2,-0.285617,-0.000035,-0.281250,0.001063
3276.011485,2,-0.285617,-0.000100,-0.375000,0.001296
3276.111906,2,-0.285617,0.000058,0.093750,0.001758
3276.212126,2,-0.285617,-0.000160,-0.093750,0.000066
3276.312275,2,-0.285617,-0.000137,-1.031250,0.000447
3276.412478,2,-0.285617,-0.000087,-0.656250,0.000717
3276.512642,2,-0.285601,0.000137,-0.468750,0.000795
3276.612905,2,-0.285601,0.000268,-0.375000,0.001046
3276.713154,2,-0.285617,-0.000119,0.375000,0.001279
3276.813441,2,-0.285617,-0.000191,-0.187500,0.001559
3276.913603,2,-0.285601,0.000192,-0.375000,0.001736
3277.013857,2,-0.285617,-0.000061,0.000000,0.001855
3277.114034,2,-0.285617,0.000146,0.000000,0.000116
3277.214328,2,-0.285617,-0.000150,0.000000,0.002425
3277.314540,2,-0.285617,-0.000021,0.000000,0.000453
3277.414900,2,-0.285617,-0.000094,-0.093750,0.000393
3277.515159,2,-0.285633,-0.000600,-0.093750,0.000729
3277.615449,2,-0.285601,0.000532,0.000000,0.001083
3277.715721,2,-0.285601,0.000473,-0.093750,0.001313
3277.815966,2,-0.285601,0.000523,0.000000,0.001541
3277.916334,2,-0.285617,-0.000151,0.000000,0.002016
3278.016710,2,-0.285617,-0.000018,0.093750,0.000415
3278.117060,2,-0.285601,0.000117,0.187500,0.000856
3278.217397,2,-0.285617,0.000154,-0.281250,0.001102
3278.317652,2,-0.285633,-0.000660,-0.093750,0.001297
3278.417976,2,-0.285617,-0.000134,0.000000,0.001933
3278.518351,2,-0.285601,0.000196,-0.375000,0.000186
3278.618568,2,-0.285617,-0.000176,-0.093750,0.000318
3278.718763,2,-0.285617,-0.000048,-0.656250,0.001022
3278.819044,2,-0.285617,-0.000075,0.093750,0.000646
3278.919186,2,-0.285601,0.000329,0.375000,0.001153
3279.019365,2,-0.285617,-0.000095,0.375000,0.001250
3279.119629,2,-0.285617,-0.000166,-0.093750,0.001562
3279.219851,2,-0.285617,0.000005,0.000000,0.001600
3279.320111,2,-0.285617,0.000151,0.468750,0.001849
3279.420368,2,-0.285617,-0.000113,0.093750,0.000198
3279.520517,2,-0.285617,-0.000155,-0.843750,0.000425
3279.620753,2,-0.285633,-0.000373,-0.468750,0.000720
3279.721048,2,-0.285633,-0.000029,-0.468750,0.000887
